---
source: src/host_protocol/tests.rs
assertion_line: 703
expression: payload
---
{
  "sessions": [
    {
      "access": "inject",
      "activeCount": 0,
      "createRequestId": "req-1",
      "entitledCount": 1,
      "id": "local-1",
      "incarnationId": "01900000-0000-7000-8000-000000000001",
      "kind": "local",
      "lastActivity": "just now",
      "mode": "normal",
      "name": "local-1",
      "project": "/Users/john/Repos/kodosi",
      "recovery": "live",
      "scope": "justMe",
      "semanticActions": {
        "queue": false,
        "steer": false,
        "stopAndSend": false
      },
      "status": "active"
    },
    {
      "access": "view",
      "accessIssue": "peerIdentityChanged",
      "accessReason": "Access revoked",
      "accessState": "accessDenied",
      "activeCount": 3,
      "connectionReason": "Access revoked",
      "connectionState": "offline",
      "entitledCount": 9,
      "id": "remote-1",
      "incarnationId": "01900000-0000-7000-8000-000000000002",
      "kind": "remote",
      "lastActivity": "just now",
      "mode": "normal",
      "name": "remote-1",
      "owner": "alice",
      "ownerUserId": "user-alice",
      "permissions": 1,
      "project": "/Users/john/Repos/kodosi",
      "roomId": "room-1",
      "roomName": "Acme",
      "scope": "friends",
      "semanticActions": {
        "queue": false,
        "steer": false,
        "stopAndSend": false
      },
      "status": "active"
    }
  ],
  "type": "session.list"
}
